# GRUB Configuration
default 0
timeout 5

# ---------------------------
title JNode (default)
kernel /jnode32.gz mp=no
module /default.jgz

# ---------------------------
title JNode (all plugins)
kernel /jnode32.gz mp=no
module /full.jgz

# ---------------------------
title JNode (minimal shell)
kernel /jnode32.gz mp=no
module /shell.jgz

# ---------------------------
# -- disabled
#title JNode GUI (all plugins)
#kernel /jnode32.gz mp=no
#module /fullgui.jgz

# ---------------------------
# -- disabled
#title JNode GUI (all plugins) (VESA mode)
#kernel /jnode32.gz mp=no
#vbematch 800 600 32
#module /fullgui.jgz

# ---------------------------
title JNode (default with MP)
kernel /jnode32.gz
module /default.jgz

# ---------------------------
title JNode (all plugins with MP)
kernel /jnode32.gz
module /full.jgz

# ---------------------------
# -- disabled
#title JNode GUI (all plugins with MP)
#kernel /jnode32.gz
#module /fullgui.jgz

# ---------------------------
title JNode via dhcp (default with MP)
dhcp
kernel (nd)/jnode32.gz
module (nd)/default.jgz

# ---------------------------
title JNode via dhcp (all plugins with MP)
dhcp
kernel (nd)/jnode32.gz
module (nd)/full.jgz

# ---------------------------
# -- disabled
#title JNode GUI via dhcp (all plugins with MP)
#dhcp
#kernel (nd)/jnode32.gz
#module (nd)/fullgui.jgz

# ---------------------------
title JNode tests (all plugins + tests with MP)
kernel /jnode32.gz
module /tests.jgz

# ---------------------------
title JNode for AMD64 (development) (all plugins)
kernel /jnode64.gz mp=no
module /full.jgz

# ---------------------------
title JNode for AMD64 (development) (all plugins with MP)
kernel /jnode64.gz
module /full.jgz

# ---------------------------
# -- disabled
#title JNode Install
#kernel /jnode32.gz
#module /install.jgz
