# GRUB Configuration
default 0
timeout 5

# ---------------------------
title JNode (default)
kernel (hd0,0)/jnode32.gz mp=no
module (hd0,0)/default.jgz

# ---------------------------
title JNode (all plugins)
kernel (hd0,0)/jnode32.gz mp=no
module (hd0,0)/full.jgz

# ---------------------------
# -- disabled
#title JNode GUI (all plugins)
#kernel /jnode32.gz mp=no
#module /fullgui.jgz

# ---------------------------
# -- disabled
#title JNode GUI (all plugins) (VESA mode)
#kernel /jnode32.gz mp=no
#vbematch 800 600 32
#module /fullgui.jgz

# ---------------------------
title JNode (default with MP)
kernel (hd0,0)/jnode32.gz
module (hd0,0)/default.jgz

# ---------------------------
title JNode (all plugins with MP)
kernel (hd0,0)/jnode32.gz
module (hd0,0)/full.jgz

# ---------------------------
# -- disabled
#title JNode GUI (all plugins with MP)
#kernel (hd0,0)/jnode32.gz
#module (hd0,0)/fullgui.jgz

# ---------------------------
title JNode via dhcp (default with MP)
dhcp
kernel (nd)/jnode32.gz
module (nd)/default.jgz

# ---------------------------
title JNode via dhcp (all plugins with MP)
dhcp
kernel (nd)/jnode32.gz
module (nd)/full.jgz

# ---------------------------
# -- disabled
#title JNode GUI via dhcp (all plugins with MP)
#dhcp
#kernel (nd)/jnode32.gz
#module (nd)/fullgui.jgz

# ---------------------------
title JNode tests (all plugins + tests with MP)
kernel (hd0,0)/jnode32.gz
module (hd0,0)/tests.jgz

# ---------------------------
# -- disabled
#title JNode Install
#kernel (hd0,0)/jnode32.gz
#module (hd0,0)/install.jgz

